// Jest Snapshot v1, https://goo.gl/fbAQLP

exports[`UserCard UserCard snapshot 1`] = `
Object {
  "asFragment": [Function],
  "baseElement": <body>
    <div>
      <li
        class="user-card"
      >
        <h2
          class="user-name"
        >
          Brad
        </h2>
        <img
          alt="аватар пользователя"
          height="200"
          src="https://brad-avatar.ru"
          width="200"
        />
        <span
          class="user-id"
        >
          id: 
          1
        </span>
        <div
          class="profile-wrapper"
        >
          <span>
            Профиль:
             
            <a
              class="card-link"
              href="https://brad-page.git"
            >
              https://brad-page.git
            </a>
          </span>
        </div>
        <button
          class="card-btn"
        >
          Узнать тип пользователя
        </button>
      </li>
    </div>
  </body>,
  "container": <div>
    <li
      class="user-card"
    >
      <h2
        class="user-name"
      >
        Brad
      </h2>
      <img
        alt="аватар пользователя"
        height="200"
        src="https://brad-avatar.ru"
        width="200"
      />
      <span
        class="user-id"
      >
        id: 
        1
      </span>
      <div
        class="profile-wrapper"
      >
        <span>
          Профиль:
           
          <a
            class="card-link"
            href="https://brad-page.git"
          >
            https://brad-page.git
          </a>
        </span>
      </div>
      <button
        class="card-btn"
      >
        Узнать тип пользователя
      </button>
    </li>
  </div>,
  "debug": [Function],
  "findAllByAltText": [Function],
  "findAllByDisplayValue": [Function],
  "findAllByLabelText": [Function],
  "findAllByPlaceholderText": [Function],
  "findAllByRole": [Function],
  "findAllByTestId": [Function],
  "findAllByText": [Function],
  "findAllByTitle": [Function],
  "findByAltText": [Function],
  "findByDisplayValue": [Function],
  "findByLabelText": [Function],
  "findByPlaceholderText": [Function],
  "findByRole": [Function],
  "findByTestId": [Function],
  "findByText": [Function],
  "findByTitle": [Function],
  "getAllByAltText": [Function],
  "getAllByDisplayValue": [Function],
  "getAllByLabelText": [Function],
  "getAllByPlaceholderText": [Function],
  "getAllByRole": [Function],
  "getAllByTestId": [Function],
  "getAllByText": [Function],
  "getAllByTitle": [Function],
  "getByAltText": [Function],
  "getByDisplayValue": [Function],
  "getByLabelText": [Function],
  "getByPlaceholderText": [Function],
  "getByRole": [Function],
  "getByTestId": [Function],
  "getByText": [Function],
  "getByTitle": [Function],
  "queryAllByAltText": [Function],
  "queryAllByDisplayValue": [Function],
  "queryAllByLabelText": [Function],
  "queryAllByPlaceholderText": [Function],
  "queryAllByRole": [Function],
  "queryAllByTestId": [Function],
  "queryAllByText": [Function],
  "queryAllByTitle": [Function],
  "queryByAltText": [Function],
  "queryByDisplayValue": [Function],
  "queryByLabelText": [Function],
  "queryByPlaceholderText": [Function],
  "queryByRole": [Function],
  "queryByTestId": [Function],
  "queryByText": [Function],
  "queryByTitle": [Function],
  "rerender": [Function],
  "unmount": [Function],
}
`;
